// Jest Snapshot v1, https://goo.gl/fbAQLP

exports[`Enrollment renders as expected 1`] = `
<Styled(Container)
  style={
    Object {
      "backgroundColor": "#E9E9EF",
    }
  }
  testID="Enrollment"
>
  <KeyboardAwareComponent>
    <Styled(ViewNB)>
      <Styled(Card)>
        <Styled(CardItem)>
          <Styled(Text)>
            Welcome to IRMA! Please open your IRMA account by completing the two steps below.
          </Styled(Text)>
        </Styled(CardItem)>
      </Styled(Card)>
      <CollapsableForm
        collapsed={false}
        firstLabel="PIN"
        headerText="Step 1: Choose an IRMA PIN pin"
        inputType="pin"
        invalidMessage="Please enter a PIN of at least 5 digits"
        locked={false}
        onChange={[Function]}
        onNext={[Function]}
        onToggleCollapse={[Function]}
        repeatLabel="Repeat PIN"
        testID="pinForm"
        validationForced={false}
        value={null}
      >
        <Styled(Text)>
          Enter a PIN of at least 5 digits. You will need to enter your PIN every time you use IRMA. If you forget it, your attributes become unusable and you will have to open a new account.
        </Styled(Text)>
      </CollapsableForm>
      <CollapsableForm
        collapsed={true}
        firstLabel="E-mail address"
        headerText="Step 2: Add your email address"
        inputType="email"
        invalidMessage="Please enter a valid e-mail address"
        locked={false}
        onChange={[Function]}
        onNext={[Function]}
        onSkip={[Function]}
        onToggleCollapse={[Function]}
        repeatLabel="Repeat e-mail address"
        validationForced={false}
        value={null}
      >
        <Styled(Text)>
          You must associate an email address with your account. It allows you to login to your MyIRMA environment in case your phone is lost or stolen, so you can close your account.
        </Styled(Text)>
      </CollapsableForm>
    </Styled(ViewNB)>
  </KeyboardAwareComponent>
</Styled(Container)>
`;
